// Jest Snapshot v1, https://goo.gl/fbAQLP

exports[`<Accordion /> renders disabled accordion 1`] = `
.emotion-0 {
  overflow: hidden;
  white-space: nowrap;
  text-overflow: ellipsis;
  width: 100%;
}

.emotion-2 {
  display: -webkit-box;
  display: -webkit-flex;
  display: -ms-flexbox;
  display: flex;
  -webkit-align-items: center;
  -webkit-box-align: center;
  -ms-flex-align: center;
  align-items: center;
  padding: 0 1rem;
}

.emotion-6 {
  max-height: 0px;
  overflow: hidden;
  -webkit-transition: max-height 350ms ease-in-out;
  transition: max-height 350ms ease-in-out;
}

.emotion-8 {
  border: 1px solid #ededf0;
  width: 100%;
  opacity: 0.4;
  background-color: #ededf0;
  border-color: #c3c0cd;
}

.emotion-8:not(:last-child) {
  border-bottom: none;
}

.emotion-4 {
  display: -webkit-box;
  display: -webkit-flex;
  display: -ms-flexbox;
  display: flex;
  -webkit-box-pack: justify;
  -webkit-justify-content: space-between;
  -ms-flex-pack: justify;
  justify-content: space-between;
  cursor: not-allowed;
}

.emotion-4:focus {
  outline: none;
  box-shadow: inset 0px 0px 0px 2px #332e54;
}

.emotion-9:last-of-type .emotion-4:focus {
  border-bottom-left-radius: 4px;
  border-bottom-right-radius: 4px;
}

<div
  className="emotion-8 emotion-9"
  disabled={true}
>
  <div
    aria-disabled={true}
    aria-expanded={false}
    className="emotion-4 emotion-5"
    disabled={true}
    onClick={[Function]}
    onKeyDown={[Function]}
    role="button"
    tabIndex={-1}
  >
    <div
      className="emotion-0 emotion-1"
    >
      <div>
        title
      </div>
    </div>
    <div
      className="emotion-2 emotion-3"
    >
      <svg
        css={
          Object {
            "map": "/*# sourceMappingURL=data:application/json;charset=utf-8;base64,eyJ2ZXJzaW9uIjozLCJzb3VyY2VzIjpbInN0eWxlLnRzIl0sIm5hbWVzIjpbXSwibWFwcGluZ3MiOiJBQVE0RSIsImZpbGUiOiJzdHlsZS50cyIsInNvdXJjZXNDb250ZW50IjpbImltcG9ydCB7IGNzcyB9IGZyb20gJ0BlbW90aW9uL2NvcmUnO1xuXG5pbXBvcnQgeyBBTklNQVRJT04gfSBmcm9tICcuLi8uLi9jb25zdGFudHMnO1xuXG5pbXBvcnQgeyBJY29uUHJvcHMgfSBmcm9tICcuJztcblxudHlwZSBJY29uU3R5bGVzUHJvcHMgPSBQaWNrPEljb25Qcm9wcywgJ2Rpc3BsYXlJbmxpbmUnIHwgJ2ZpbGwnIHwgJ3JvdGF0ZSc+O1xuXG5jb25zdCBpY29uU3R5bGVzID0gKHsgZGlzcGxheUlubGluZSwgZmlsbCwgcm90YXRlIH06IEljb25TdHlsZXNQcm9wcykgPT4gY3NzYFxuICBkaXNwbGF5OiAke2Rpc3BsYXlJbmxpbmUgPyAnaW5saW5lLWJsb2NrJyA6ICdibG9jayd9O1xuICB0cmFuc2Zvcm06IHJvdGF0ZSgke3JvdGF0ZX1kZWcpO1xuICBjb2xvcjogJHtmaWxsfTtcbiAgdHJhbnNpdGlvbjogY29sb3IgJHtBTklNQVRJT04uZGVmYXVsdFRpbWluZ30sXG4gICAgdHJhbnNmb3JtICR7QU5JTUFUSU9OLmRlZmF1bHRUaW1pbmd9O1xuYDtcblxuZXhwb3J0IGRlZmF1bHQge1xuICBpY29uU3R5bGVzLFxufTtcbiJdfQ== */",
            "name": "1w700my",
            "next": undefined,
            "styles": "display:block;transform:rotate(0deg);color:#332e54;transition:color 350ms,transform 350ms;",
            "toString": [Function],
          }
        }
        height={16}
        width={16}
      />
    </div>
  </div>
  <div
    aria-disabled={true}
    aria-hidden={true}
    className="emotion-6 emotion-7"
  >
    <div>
      <div>
        expansion
      </div>
    </div>
  </div>
</div>
`;

exports[`<Accordion /> renders no border accordion 1`] = `
.emotion-4 {
  display: -webkit-box;
  display: -webkit-flex;
  display: -ms-flexbox;
  display: flex;
  -webkit-box-pack: justify;
  -webkit-justify-content: space-between;
  -ms-flex-pack: justify;
  justify-content: space-between;
  cursor: pointer;
}

.emotion-4:focus {
  outline: none;
  box-shadow: inset 0px 0px 0px 2px #332e54;
}

.emotion-9:last-of-type .emotion-4:focus {
  border-bottom-left-radius: 4px;
  border-bottom-right-radius: 4px;
}

.emotion-0 {
  overflow: hidden;
  white-space: nowrap;
  text-overflow: ellipsis;
  width: 100%;
}

.emotion-2 {
  display: -webkit-box;
  display: -webkit-flex;
  display: -ms-flexbox;
  display: flex;
  -webkit-align-items: center;
  -webkit-box-align: center;
  -ms-flex-align: center;
  align-items: center;
  padding: 0 1rem;
}

.emotion-6 {
  max-height: 0px;
  overflow: hidden;
  -webkit-transition: max-height 350ms ease-in-out;
  transition: max-height 350ms ease-in-out;
}

.emotion-8 {
  width: 100%;
}

.emotion-8:not(:last-child) {
  border-bottom: none;
}

<div
  className="emotion-8 emotion-9"
  disabled={false}
>
  <div
    aria-disabled={false}
    aria-expanded={false}
    className="emotion-4 emotion-5"
    disabled={false}
    onClick={[Function]}
    onKeyDown={[Function]}
    role="button"
    tabIndex={0}
  >
    <div
      className="emotion-0 emotion-1"
    >
      <div>
        title
      </div>
    </div>
    <div
      className="emotion-2 emotion-3"
    >
      <svg
        css={
          Object {
            "map": "/*# sourceMappingURL=data:application/json;charset=utf-8;base64,eyJ2ZXJzaW9uIjozLCJzb3VyY2VzIjpbInN0eWxlLnRzIl0sIm5hbWVzIjpbXSwibWFwcGluZ3MiOiJBQVE0RSIsImZpbGUiOiJzdHlsZS50cyIsInNvdXJjZXNDb250ZW50IjpbImltcG9ydCB7IGNzcyB9IGZyb20gJ0BlbW90aW9uL2NvcmUnO1xuXG5pbXBvcnQgeyBBTklNQVRJT04gfSBmcm9tICcuLi8uLi9jb25zdGFudHMnO1xuXG5pbXBvcnQgeyBJY29uUHJvcHMgfSBmcm9tICcuJztcblxudHlwZSBJY29uU3R5bGVzUHJvcHMgPSBQaWNrPEljb25Qcm9wcywgJ2Rpc3BsYXlJbmxpbmUnIHwgJ2ZpbGwnIHwgJ3JvdGF0ZSc+O1xuXG5jb25zdCBpY29uU3R5bGVzID0gKHsgZGlzcGxheUlubGluZSwgZmlsbCwgcm90YXRlIH06IEljb25TdHlsZXNQcm9wcykgPT4gY3NzYFxuICBkaXNwbGF5OiAke2Rpc3BsYXlJbmxpbmUgPyAnaW5saW5lLWJsb2NrJyA6ICdibG9jayd9O1xuICB0cmFuc2Zvcm06IHJvdGF0ZSgke3JvdGF0ZX1kZWcpO1xuICBjb2xvcjogJHtmaWxsfTtcbiAgdHJhbnNpdGlvbjogY29sb3IgJHtBTklNQVRJT04uZGVmYXVsdFRpbWluZ30sXG4gICAgdHJhbnNmb3JtICR7QU5JTUFUSU9OLmRlZmF1bHRUaW1pbmd9O1xuYDtcblxuZXhwb3J0IGRlZmF1bHQge1xuICBpY29uU3R5bGVzLFxufTtcbiJdfQ== */",
            "name": "1w700my",
            "next": undefined,
            "styles": "display:block;transform:rotate(0deg);color:#332e54;transition:color 350ms,transform 350ms;",
            "toString": [Function],
          }
        }
        height={16}
        width={16}
      />
    </div>
  </div>
  <div
    aria-disabled={false}
    aria-hidden={true}
    className="emotion-6 emotion-7"
  >
    <div>
      <div>
        expansion
      </div>
    </div>
  </div>
</div>
`;

exports[`<Accordion /> renders regular accordion 1`] = `
.emotion-8 {
  border: 1px solid #ededf0;
  width: 100%;
}

.emotion-8:not(:last-child) {
  border-bottom: none;
}

.emotion-4 {
  display: -webkit-box;
  display: -webkit-flex;
  display: -ms-flexbox;
  display: flex;
  -webkit-box-pack: justify;
  -webkit-justify-content: space-between;
  -ms-flex-pack: justify;
  justify-content: space-between;
  cursor: pointer;
}

.emotion-4:focus {
  outline: none;
  box-shadow: inset 0px 0px 0px 2px #332e54;
}

.emotion-9:last-of-type .emotion-4:focus {
  border-bottom-left-radius: 4px;
  border-bottom-right-radius: 4px;
}

.emotion-0 {
  overflow: hidden;
  white-space: nowrap;
  text-overflow: ellipsis;
  width: 100%;
}

.emotion-2 {
  display: -webkit-box;
  display: -webkit-flex;
  display: -ms-flexbox;
  display: flex;
  -webkit-align-items: center;
  -webkit-box-align: center;
  -ms-flex-align: center;
  align-items: center;
  padding: 0 1rem;
}

.emotion-6 {
  max-height: 0px;
  overflow: hidden;
  -webkit-transition: max-height 350ms ease-in-out;
  transition: max-height 350ms ease-in-out;
}

<div
  className="emotion-8 emotion-9"
  disabled={false}
>
  <div
    aria-disabled={false}
    aria-expanded={false}
    className="emotion-4 emotion-5"
    disabled={false}
    onClick={[Function]}
    onKeyDown={[Function]}
    role="button"
    tabIndex={0}
  >
    <div
      className="emotion-0 emotion-1"
    >
      <div>
        title
      </div>
    </div>
    <div
      className="emotion-2 emotion-3"
    >
      <svg
        css={
          Object {
            "map": "/*# sourceMappingURL=data:application/json;charset=utf-8;base64,eyJ2ZXJzaW9uIjozLCJzb3VyY2VzIjpbInN0eWxlLnRzIl0sIm5hbWVzIjpbXSwibWFwcGluZ3MiOiJBQVE0RSIsImZpbGUiOiJzdHlsZS50cyIsInNvdXJjZXNDb250ZW50IjpbImltcG9ydCB7IGNzcyB9IGZyb20gJ0BlbW90aW9uL2NvcmUnO1xuXG5pbXBvcnQgeyBBTklNQVRJT04gfSBmcm9tICcuLi8uLi9jb25zdGFudHMnO1xuXG5pbXBvcnQgeyBJY29uUHJvcHMgfSBmcm9tICcuJztcblxudHlwZSBJY29uU3R5bGVzUHJvcHMgPSBQaWNrPEljb25Qcm9wcywgJ2Rpc3BsYXlJbmxpbmUnIHwgJ2ZpbGwnIHwgJ3JvdGF0ZSc+O1xuXG5jb25zdCBpY29uU3R5bGVzID0gKHsgZGlzcGxheUlubGluZSwgZmlsbCwgcm90YXRlIH06IEljb25TdHlsZXNQcm9wcykgPT4gY3NzYFxuICBkaXNwbGF5OiAke2Rpc3BsYXlJbmxpbmUgPyAnaW5saW5lLWJsb2NrJyA6ICdibG9jayd9O1xuICB0cmFuc2Zvcm06IHJvdGF0ZSgke3JvdGF0ZX1kZWcpO1xuICBjb2xvcjogJHtmaWxsfTtcbiAgdHJhbnNpdGlvbjogY29sb3IgJHtBTklNQVRJT04uZGVmYXVsdFRpbWluZ30sXG4gICAgdHJhbnNmb3JtICR7QU5JTUFUSU9OLmRlZmF1bHRUaW1pbmd9O1xuYDtcblxuZXhwb3J0IGRlZmF1bHQge1xuICBpY29uU3R5bGVzLFxufTtcbiJdfQ== */",
            "name": "1w700my",
            "next": undefined,
            "styles": "display:block;transform:rotate(0deg);color:#332e54;transition:color 350ms,transform 350ms;",
            "toString": [Function],
          }
        }
        height={16}
        width={16}
      />
    </div>
  </div>
  <div
    aria-disabled={false}
    aria-hidden={true}
    className="emotion-6 emotion-7"
  >
    <div>
      <div>
        expansion
      </div>
    </div>
  </div>
</div>
`;
