// Jest Snapshot v1, https://goo.gl/fbAQLP

exports[`<Callout /> UI snapshots renders a simple callout 1`] = `
.emotion-2 {
  background-color: #EEEDF7;
  padding: 1rem;
  border-radius: 8px;
  display: -webkit-box;
  display: -webkit-flex;
  display: -ms-flexbox;
  display: flex;
  -webkit-flex-flow: row nowrap;
  -ms-flex-flow: row nowrap;
  flex-flow: row nowrap;
  -webkit-box-pack: justify;
  -webkit-justify-content: space-between;
  -ms-flex-pack: justify;
  justify-content: space-between;
  -webkit-align-items: center;
  -webkit-box-align: center;
  -ms-flex-align: center;
  align-items: center;
}

.emotion-0 {
  color: #332e54;
  font-size: 0.875rem;
}

<div
  className="emotion-2 emotion-3"
>
  <div
    className="emotion-0 emotion-1"
  >
    Simple callout text. 
    <strong>
      Bold text supported
    </strong>
  </div>
</div>
`;

exports[`<Callout /> UI snapshots renders callout with custom color and icon 1`] = `
.emotion-4 {
  background-color: #EEEDF7;
  padding: 1rem;
  border-radius: 8px;
  display: -webkit-box;
  display: -webkit-flex;
  display: -ms-flexbox;
  display: flex;
  -webkit-flex-flow: row nowrap;
  -ms-flex-flow: row nowrap;
  flex-flow: row nowrap;
  -webkit-box-pack: justify;
  -webkit-justify-content: space-between;
  -ms-flex-pack: justify;
  justify-content: space-between;
  -webkit-align-items: center;
  -webkit-box-align: center;
  -ms-flex-align: center;
  align-items: center;
}

.emotion-0 {
  color: #706D87;
  font-size: 0.875rem;
}

.emotion-2 {
  margin-left: 0.5rem;
}

.emotion-2 svg {
  fill: #706D87;
}

.emotion-2 svg path {
  fill: #706D87;
}

<div
  className="emotion-4 emotion-5"
>
  <div
    className="emotion-0 emotion-1"
  >
    Callout text with 
    <strong>
      custom color
    </strong>
     and icon.
  </div>
  <div
    className="emotion-2 emotion-3"
  >
    <svg
      css={
        Object {
          "map": "/*# sourceMappingURL=data:application/json;charset=utf-8;base64,eyJ2ZXJzaW9uIjozLCJzb3VyY2VzIjpbInN0eWxlLnRzIl0sIm5hbWVzIjpbXSwibWFwcGluZ3MiOiJBQVE0RSIsImZpbGUiOiJzdHlsZS50cyIsInNvdXJjZXNDb250ZW50IjpbImltcG9ydCB7IGNzcyB9IGZyb20gJ0BlbW90aW9uL2NvcmUnO1xuXG5pbXBvcnQgeyBBTklNQVRJT04gfSBmcm9tICcuLi8uLi9jb25zdGFudHMnO1xuXG5pbXBvcnQgeyBJY29uUHJvcHMgfSBmcm9tICcuJztcblxudHlwZSBJY29uU3R5bGVzUHJvcHMgPSBQaWNrPEljb25Qcm9wcywgJ2Rpc3BsYXlJbmxpbmUnIHwgJ2ZpbGwnIHwgJ3JvdGF0ZSc+O1xuXG5jb25zdCBpY29uU3R5bGVzID0gKHsgZGlzcGxheUlubGluZSwgZmlsbCwgcm90YXRlIH06IEljb25TdHlsZXNQcm9wcykgPT4gY3NzYFxuICBkaXNwbGF5OiAke2Rpc3BsYXlJbmxpbmUgPyAnaW5saW5lLWJsb2NrJyA6ICdibG9jayd9O1xuICB0cmFuc2Zvcm06IHJvdGF0ZSgke3JvdGF0ZX1kZWcpO1xuICBjb2xvcjogJHtmaWxsfTtcbiAgdHJhbnNpdGlvbjogY29sb3IgJHtBTklNQVRJT04uZGVmYXVsdFRpbWluZ30sXG4gICAgdHJhbnNmb3JtICR7QU5JTUFUSU9OLmRlZmF1bHRUaW1pbmd9O1xuYDtcblxuZXhwb3J0IGRlZmF1bHQge1xuICBpY29uU3R5bGVzLFxufTtcbiJdfQ== */",
          "name": "vpdwsp",
          "next": undefined,
          "styles": "display:block;transform:rotate(0deg);color:;transition:color 350ms,transform 350ms;",
          "toString": [Function],
        }
      }
      height={40}
      width={40}
    />
  </div>
</div>
`;
