// Jest Snapshot v1, https://goo.gl/fbAQLP

exports[`<Tabs /> UI snapshot renders with default props 1`] = `
.emotion-0 {
  display: -webkit-box;
  display: -webkit-flex;
  display: -ms-flexbox;
  display: flex;
  -webkit-align-items: center;
  -webkit-box-align: center;
  -ms-flex-align: center;
  align-items: center;
  -webkit-box-pack: start;
  -ms-flex-pack: start;
  -webkit-justify-content: flex-start;
  justify-content: flex-start;
  margin: 2.5rem 0 0 0;
  position: relative;
  width: 100%;
}

@media (min-width: 768px) {
  .emotion-0 {
    margin: 3.5rem 0 0 0;
    -webkit-align-items: center;
    -webkit-box-align: center;
    -ms-flex-align: center;
    align-items: center;
    -webkit-box-pack: center;
    -ms-flex-pack: center;
    -webkit-justify-content: center;
    justify-content: center;
  }
}

.emotion-2 {
  background: transparent;
  border: none;
  color: #524D6E;
  font-size: 0.75rem;
  line-height: 1.67;
  font-weight: bold;
  letter-spacing: 1px;
  text-transform: uppercase;
  display: -webkit-box;
  display: -webkit-flex;
  display: -ms-flexbox;
  display: flex;
  -webkit-align-items: center;
  -webkit-box-align: center;
  -ms-flex-align: center;
  align-items: center;
  -webkit-box-pack: center;
  -ms-flex-pack: center;
  -webkit-justify-content: center;
  justify-content: center;
  cursor: pointer;
  margin: 0;
  padding: 1rem 1.5rem;
  -webkit-transition: 350ms;
  transition: 350ms;
  border-radius: 4px;
  color: #332E54;
}

.emotion-2:hover {
  color: #332E54;
  -webkit-transition: 350ms;
  transition: 350ms;
}

.emotion-2:focus {
  outline: none;
  box-shadow: 0px 0px 0px 2px #FFFFFF,0px 0px 0px 4px #332E54;
}

.emotion-4 {
  background: transparent;
  border: none;
  color: #524D6E;
  font-size: 0.75rem;
  line-height: 1.67;
  font-weight: bold;
  letter-spacing: 1px;
  text-transform: uppercase;
  display: -webkit-box;
  display: -webkit-flex;
  display: -ms-flexbox;
  display: flex;
  -webkit-align-items: center;
  -webkit-box-align: center;
  -ms-flex-align: center;
  align-items: center;
  -webkit-box-pack: center;
  -ms-flex-pack: center;
  -webkit-justify-content: center;
  justify-content: center;
  cursor: pointer;
  margin: 0;
  padding: 1rem 1.5rem;
  -webkit-transition: 350ms;
  transition: 350ms;
  border-radius: 4px;
  color: #C3C0CD;
}

.emotion-4:hover {
  color: #332E54;
  -webkit-transition: 350ms;
  transition: 350ms;
}

.emotion-4:focus {
  outline: none;
  box-shadow: 0px 0px 0px 2px #FFFFFF,0px 0px 0px 4px #332E54;
}

<div
  class="emotion-0 emotion-1"
>
  <button
    class="emotion-2 emotion-3"
  >
    Tab 1
  </button>
  <button
    class="emotion-4 emotion-3"
  >
    Tab 2
  </button>
  <button
    class="emotion-4 emotion-3"
  >
    Tab 3
  </button>
</div>
`;

exports[`<Tabs /> UI snapshot renders with initialActiveTabId and onClick props 1`] = `
.emotion-0 {
  display: -webkit-box;
  display: -webkit-flex;
  display: -ms-flexbox;
  display: flex;
  -webkit-align-items: center;
  -webkit-box-align: center;
  -ms-flex-align: center;
  align-items: center;
  -webkit-box-pack: start;
  -ms-flex-pack: start;
  -webkit-justify-content: flex-start;
  justify-content: flex-start;
  margin: 2.5rem 0 0 0;
  position: relative;
  width: 100%;
}

@media (min-width: 768px) {
  .emotion-0 {
    margin: 3.5rem 0 0 0;
    -webkit-align-items: center;
    -webkit-box-align: center;
    -ms-flex-align: center;
    align-items: center;
    -webkit-box-pack: center;
    -ms-flex-pack: center;
    -webkit-justify-content: center;
    justify-content: center;
  }
}

.emotion-2 {
  background: transparent;
  border: none;
  color: #524D6E;
  font-size: 0.75rem;
  line-height: 1.67;
  font-weight: bold;
  letter-spacing: 1px;
  text-transform: uppercase;
  display: -webkit-box;
  display: -webkit-flex;
  display: -ms-flexbox;
  display: flex;
  -webkit-align-items: center;
  -webkit-box-align: center;
  -ms-flex-align: center;
  align-items: center;
  -webkit-box-pack: center;
  -ms-flex-pack: center;
  -webkit-justify-content: center;
  justify-content: center;
  cursor: pointer;
  margin: 0;
  padding: 1rem 1.5rem;
  -webkit-transition: 350ms;
  transition: 350ms;
  border-radius: 4px;
  color: #C3C0CD;
}

.emotion-2:hover {
  color: #332E54;
  -webkit-transition: 350ms;
  transition: 350ms;
}

.emotion-2:focus {
  outline: none;
  box-shadow: 0px 0px 0px 2px #FFFFFF,0px 0px 0px 4px #332E54;
}

.emotion-4 {
  background: transparent;
  border: none;
  color: #524D6E;
  font-size: 0.75rem;
  line-height: 1.67;
  font-weight: bold;
  letter-spacing: 1px;
  text-transform: uppercase;
  display: -webkit-box;
  display: -webkit-flex;
  display: -ms-flexbox;
  display: flex;
  -webkit-align-items: center;
  -webkit-box-align: center;
  -ms-flex-align: center;
  align-items: center;
  -webkit-box-pack: center;
  -ms-flex-pack: center;
  -webkit-justify-content: center;
  justify-content: center;
  cursor: pointer;
  margin: 0;
  padding: 1rem 1.5rem;
  -webkit-transition: 350ms;
  transition: 350ms;
  border-radius: 4px;
  color: #332E54;
}

.emotion-4:hover {
  color: #332E54;
  -webkit-transition: 350ms;
  transition: 350ms;
}

.emotion-4:focus {
  outline: none;
  box-shadow: 0px 0px 0px 2px #FFFFFF,0px 0px 0px 4px #332E54;
}

<div
  class="emotion-0 emotion-1"
>
  <button
    class="emotion-2 emotion-3"
  >
    Tab 1
  </button>
  <button
    class="emotion-4 emotion-3"
  >
    Tab 2
  </button>
  <button
    class="emotion-2 emotion-3"
  >
    Tab 3
  </button>
</div>
`;
