// Jest Snapshot v1, https://goo.gl/fbAQLP

exports[`<Field /> UI Snapshot renders with errorMessage, hintMessage and hideMessagesIcon props 1`] = `
.emotion-0 {
  display: -webkit-box;
  display: -webkit-flex;
  display: -ms-flexbox;
  display: flex;
  -webkit-flex-direction: column;
  -ms-flex-direction: column;
  flex-direction: column;
  margin-bottom: 22px;
}

.emotion-2 {
  position: relative;
}

.emotion-2>svg.radiance-field-input-icon {
  opacity: 0;
  position: absolute;
  top: 20px;
  right: 1rem;
  -webkit-transition: opacity 350ms;
  transition: opacity 350ms;
}

.emotion-2 svg.radiance-field-input-icon {
  opacity: 1;
}

.emotion-2 .e1gqjikl1,
.emotion-2 .emotion-5 {
  border-color: #BD200F;
}

.emotion-2 .e1gqjikl1:active,
.emotion-2 .emotion-5:active,
.emotion-2 .e1gqjikl1:focus,
.emotion-2 .emotion-5:focus {
  border-color: #BD200F;
  box-shadow: 0px 0px 0px 2px #FFFFFF,0px 0px 0px 4px #332E54;
}

.emotion-4 {
  color: #524D6E;
  font-size: 1rem;
  line-height: 1.75;
  -webkit-appearance: none;
  -moz-appearance: none;
  -ms-appearance: none;
  appearance: none;
  background: #FFFFFF;
  border: 1px solid #EDEDF0;
  border-radius: 4px;
  color: #524D6E;
  -webkit-transition: border-color 350ms;
  transition: border-color 350ms;
  width: 100%;
  outline: none;
  margin-bottom: 2px;
  padding: 13px 2rem 13px 1rem;
}

.emotion-4:active,
.emotion-4:focus {
  outline: none;
  border-color: #332E54;
  box-shadow: 0px 0px 0px 2px #FFFFFF,0px 0px 0px 4px #332E54;
}

.emotion-4:active~.emotion-7,
.emotion-4:focus~.emotion-7 {
  max-height: 24px;
  opacity: 1;
  margin: 0.125rem 0 0 0;
}

.emotion-4::-webkit-input-placeholder {
  color: #C3C0CD;
}

.emotion-4::-moz-placeholder {
  color: #C3C0CD;
}

.emotion-4:-ms-input-placeholder {
  color: #C3C0CD;
}

.emotion-4::placeholder {
  color: #C3C0CD;
}

.emotion-4[disabled] {
  background-color: #EDEDF0;
  color: #C3C0CD;
  cursor: not-allowed;
  border: 1px solid #EDEDF0;
  box-shadow: none;
}

.emotion-6 {
  color: #706D87;
  font-size: 0.875rem;
  line-height: 1.71;
  -webkit-transition: all 350ms ease-in-out;
  transition: all 350ms ease-in-out;
  opacity: 0;
  max-height: 0;
}

.emotion-8 {
  list-style-type: none;
  margin: 0;
}

.emotion-10 {
  color: #706D87;
  font-size: 0.875rem;
  line-height: 1.71;
  color: #BD200F;
  line-height: 24px;
}

.emotion-10:last-of-type {
  margin: 0 0 0.125rem 0;
}

<div
  class="emotion-0 emotion-1"
>
  <div
    class="emotion-2 emotion-3"
  >
    <input
      class="emotion-4 emotion-5"
    />
    <div
      class="emotion-6 emotion-7"
    >
      hint message
    </div>
    <ul
      class="emotion-8 emotion-9"
    >
      <li
        class="emotion-10 emotion-11"
        style="opacity: 1; max-height: 48px; transition-duration: 350ms; transition-property: max-height, opacity; transition-timing-function: ease-in-out;"
        type="error"
      >
        <strong>
          Uh Oh!
        </strong>
         Type again
      </li>
    </ul>
  </div>
</div>
`;
