// Jest Snapshot v1, https://goo.gl/fbAQLP

exports[`<VerificationMessages /> UI snapshot renders content and children 1`] = `
.emotion-6 {
  list-style-type: none;
  margin: 0;
}

.emotion-0 {
  color: #706D87;
  font-size: 0.875rem;
  line-height: 1.71;
  color: #BD200F;
  line-height: 24px;
}

.emotion-0:last-of-type {
  margin: 0 0 0.125rem 0;
}

<ul
  className="emotion-6 emotion-7"
>
  <li
    className="emotion-0 emotion-1"
    style={
      Object {
        "maxHeight": "48px",
        "opacity": "1",
        "transitionDuration": "350ms",
        "transitionProperty": "max-height, opacity",
        "transitionTimingFunction": "ease-in-out",
      }
    }
    type="error"
  >
    <strong>
      Uh oh!
    </strong>
     This field is required
  </li>
  <li
    className="emotion-0 emotion-1"
    style={
      Object {
        "maxHeight": "48px",
        "opacity": "1",
        "transitionDuration": "350ms",
        "transitionProperty": "max-height, opacity",
        "transitionTimingFunction": "ease-in-out",
      }
    }
    type="error"
  >
    <strong>
      Uh oh!
    </strong>
     Must be at least 3 characters
  </li>
  <li
    className="emotion-0 emotion-1"
    style={
      Object {
        "maxHeight": "48px",
        "opacity": "1",
        "transitionDuration": "350ms",
        "transitionProperty": "max-height, opacity",
        "transitionTimingFunction": "ease-in-out",
      }
    }
    type="error"
  >
    Must contain 1 number
    , 
    Must contain 1 symbol
  </li>
</ul>
`;
