// Jest Snapshot v1, https://goo.gl/fbAQLP

exports[`<Button /> UI snapshots renders with props 1`] = `
@keyframes animation-0 {
  0% {
    opacity: 1;
    -webkit-transform: translate3d(0, 0, 0) scale(1, 1);
    -moz-transform: translate3d(0, 0, 0) scale(1, 1);
    -ms-transform: translate3d(0, 0, 0) scale(1, 1);
    transform: translate3d(0, 0, 0) scale(1, 1);
  }

  20% {
    opacity: .95;
    -webkit-transform: translate3d(12px, 0, 0) scale(1, 1);
    -moz-transform: translate3d(12px, 0, 0) scale(1, 1);
    -ms-transform: translate3d(12px, 0, 0) scale(1, 1);
    transform: translate3d(12px, 0, 0) scale(1, 1);
  }

  35% {
    opacity: 0;
    -webkit-transform: translate3d(16px, 0, 0) scale(.85, .85);
    -moz-transform: translate3d(16px, 0, 0) scale(.85, .85);
    -ms-transform: translate3d(16px, 0, 0) scale(.85, .85);
    transform: translate3d(16px, 0, 0) scale(.85, .85);
  }

  100% {
    opacity: 0;
    -webkit-transform: translate3d(16px, 0, 0);
    -moz-transform: translate3d(16px, 0, 0);
    -ms-transform: translate3d(16px, 0, 0);
    transform: translate3d(16px, 0, 0);
  }
}

@keyframes animation-0 {
  0% {
    opacity: 1;
    -webkit-transform: translate3d(0, 0, 0) scale(1, 1);
    -moz-transform: translate3d(0, 0, 0) scale(1, 1);
    -ms-transform: translate3d(0, 0, 0) scale(1, 1);
    transform: translate3d(0, 0, 0) scale(1, 1);
  }

  20% {
    opacity: .95;
    -webkit-transform: translate3d(12px, 0, 0) scale(1, 1);
    -moz-transform: translate3d(12px, 0, 0) scale(1, 1);
    -ms-transform: translate3d(12px, 0, 0) scale(1, 1);
    transform: translate3d(12px, 0, 0) scale(1, 1);
  }

  35% {
    opacity: 0;
    -webkit-transform: translate3d(16px, 0, 0) scale(.85, .85);
    -moz-transform: translate3d(16px, 0, 0) scale(.85, .85);
    -ms-transform: translate3d(16px, 0, 0) scale(.85, .85);
    transform: translate3d(16px, 0, 0) scale(.85, .85);
  }

  100% {
    opacity: 0;
    -webkit-transform: translate3d(16px, 0, 0);
    -moz-transform: translate3d(16px, 0, 0);
    -ms-transform: translate3d(16px, 0, 0);
    transform: translate3d(16px, 0, 0);
  }
}

@keyframes animation-0 {
  0% {
    opacity: 1;
    -webkit-transform: translate3d(0, 0, 0) scale(1, 1);
    -moz-transform: translate3d(0, 0, 0) scale(1, 1);
    -ms-transform: translate3d(0, 0, 0) scale(1, 1);
    transform: translate3d(0, 0, 0) scale(1, 1);
  }

  20% {
    opacity: .95;
    -webkit-transform: translate3d(12px, 0, 0) scale(1, 1);
    -moz-transform: translate3d(12px, 0, 0) scale(1, 1);
    -ms-transform: translate3d(12px, 0, 0) scale(1, 1);
    transform: translate3d(12px, 0, 0) scale(1, 1);
  }

  35% {
    opacity: 0;
    -webkit-transform: translate3d(16px, 0, 0) scale(.85, .85);
    -moz-transform: translate3d(16px, 0, 0) scale(.85, .85);
    -ms-transform: translate3d(16px, 0, 0) scale(.85, .85);
    transform: translate3d(16px, 0, 0) scale(.85, .85);
  }

  100% {
    opacity: 0;
    -webkit-transform: translate3d(16px, 0, 0);
    -moz-transform: translate3d(16px, 0, 0);
    -ms-transform: translate3d(16px, 0, 0);
    transform: translate3d(16px, 0, 0);
  }
}

.emotion-0 {
  color: #524D6E;
  font-size: 0.75rem;
  line-height: 1.67;
  font-weight: bold;
  letter-spacing: 1px;
  text-transform: uppercase;
  -webkit-appearance: none;
  -moz-appearance: none;
  -ms-appearance: none;
  appearance: none;
  border-radius: 4px;
  border-style: solid;
  border-width: 1px;
  cursor: pointer;
  display: block;
  margin: 0;
  min-height: 52px;
  opacity: 1;
  padding: 0 1.5rem;
  position: relative;
  -webkit-transition: all 350ms ease-in-out;
  transition: all 350ms ease-in-out;
  -webkit-text-decoration: none;
  text-decoration: none;
  background-color: #EDEDF0;
  border-color: #EDEDF0;
  color: #C3C0CD;
  cursor: not-allowed;
  fill: #C3C0CD;
  min-width: 208px;
  max-width: 325px;
  width: -webkit-max-content;
  width: -moz-max-content;
  width: max-content;
}

.emotion-0:hover {
  -webkit-transition: all 350ms ease-in-out;
  transition: all 350ms ease-in-out;
}

.emotion-0:active,
.emotion-0:focus {
  outline: none;
  box-shadow: 0px 0px 0px 2px #FFFFFF,0px 0px 0px 4px #332E54;
}

.emotion-2 {
  -webkit-align-items: center;
  -webkit-box-align: center;
  -ms-flex-align: center;
  align-items: center;
  display: -webkit-box;
  display: -webkit-flex;
  display: -ms-flexbox;
  display: flex;
  height: 100%;
  -webkit-box-pack: center;
  -ms-flex-pack: center;
  -webkit-justify-content: center;
  justify-content: center;
  padding: 1rem 0;
  -webkit-transition: -webkit-transform 350ms;
  transition: transform 350ms;
  width: 100%;
  -webkit-transform: translateX(0);
  -moz-transform: translateX(0);
  -ms-transform: translateX(0);
  transform: translateX(0);
}

.emotion-2>svg {
  opacity: 1;
  -webkit-transition: opacity 350ms;
  transition: opacity 350ms;
  margin-right: 1rem;
  margin-top: -5px;
}

.emotion-4 {
  display: block;
  -webkit-transform: rotate(0deg);
  -moz-transform: rotate(0deg);
  -ms-transform: rotate(0deg);
  transform: rotate(0deg);
  -webkit-transition: color 350ms,-webkit-transform 350ms;
  transition: color 350ms,transform 350ms;
}

.emotion-5 {
  line-height: 1.5;
  margin: 0;
  padding-top: 2px;
}

.emotion-7 {
  display: -webkit-box;
  display: -webkit-flex;
  display: -ms-flexbox;
  display: flex;
  -webkit-align-items: center;
  -webkit-box-align: center;
  -ms-flex-align: center;
  align-items: center;
  -webkit-box-pack: start;
  -ms-flex-pack: start;
  -webkit-justify-content: flex-start;
  justify-content: flex-start;
  position: absolute;
  bottom: 0;
  right: 0;
  top: 0;
  margin-top: -6px;
  width: 38px;
  opacity: 0;
}

.emotion-7 span {
  border-radius: 50%;
  display: inline-block;
  height: 4px;
  width: 4px;
  position: absolute;
}

.emotion-7 span:nth-of-type(1) {
  -webkit-animation: animation-0 1750ms infinite linear;
  animation: animation-0 1750ms infinite linear;
}

.emotion-7 span:nth-of-type(2) {
  -webkit-animation: animation-0 1750ms infinite linear -300ms;
  animation: animation-0 1750ms infinite linear -300ms;
}

.emotion-7 span:nth-of-type(3) {
  -webkit-animation: animation-0 1750ms infinite linear -600ms;
  animation: animation-0 1750ms infinite linear -600ms;
}

<button
  class="emotion-0 emotion-1"
  disabled=""
  type="button"
>
  <div
    class="emotion-2 emotion-3"
  >
    <svg
      class="emotion-4"
      fill="none"
      height="16"
      viewBox="0 0 16 16"
      width="16"
      xmlns="http://www.w3.org/2000/svg"
    >
      <title>
        Camera Icon
      </title>
      <path
        d="M10.69 2.25L12.15 4.02H14.76V13.45H1.26V4.02H3.89L4.27 3.56L5.33 2.26H10.69V2.25ZM11.28 1H4.73L3.29 2.76H0V14.7H16V2.77H12.73L11.28 1Z"
        fill="currentColor"
      />
      <path
        d="M8.00999 6.3999C9.12999 6.3999 10.03 7.3099 10.03 8.4199C10.03 9.5299 9.11999 10.4399 8.00999 10.4399C6.89999 10.4399 5.98999 9.5299 5.98999 8.4199C5.98999 7.3099 6.88999 6.3999 8.00999 6.3999ZM8.00999 5.1499C6.19999 5.1499 4.73999 6.6199 4.73999 8.4199C4.73999 10.2199 6.20999 11.6899 8.00999 11.6899C9.81999 11.6899 11.28 10.2199 11.28 8.4199C11.28 6.6199 9.80999 5.1499 8.00999 5.1499Z"
        fill="currentColor"
      />
    </svg>
    <span
      class="emotion-5 emotion-6"
    >
      Button Text
    </span>
  </div>
  <div
    class=" emotion-7 emotion-8"
    disabled=""
  >
    <div>
      <span />
      <span />
      <span />
    </div>
  </div>
</button>
`;
