// Jest Snapshot v1, https://goo.gl/fbAQLP

exports[`<Tooltip /> UI snapshot renders content and children 1`] = `
.emotion-8 {
  position: relative;
  -webkit-align-items: left;
  -webkit-box-align: left;
  -ms-flex-align: left;
  align-items: left;
  -webkit-flex-direction: column-reverse;
  -ms-flex-direction: column-reverse;
  flex-direction: column-reverse;
}

.emotion-0 {
  cursor: pointer;
}

.emotion-6 {
  max-width: none;
  top: 120%;
  background: #332e54;
  box-shadow: 0px 8px 24px rgba(51,46,84,0.05);
  border-radius: 0.5rem;
  color: #ffffff;
  min-width: 100px;
  opacity: 0;
  padding: 1rem;
  pointer-events: none;
  position: absolute;
  -webkit-transform: translateY(-8px);
  -ms-transform: translateY(-8px);
  transform: translateY(-8px);
  -webkit-transition-delay: 30ms;
  transition-delay: 30ms;
  -webkit-transition-timing-function: ease-in-out;
  transition-timing-function: ease-in-out;
  -webkit-transition: 350ms;
  transition: 350ms;
  z-index: 5;
  text-align: left;
  font-size: 0.875rem;
  display: block;
}

.emotion-2 {
  z-index: 5;
  position: relative;
}

.emotion-4 {
  position: absolute;
  z-index: 4;
  top: -8px;
  -webkit-transform: rotate(180deg);
  -ms-transform: rotate(180deg);
  transform: rotate(180deg);
  left: 50%;
  margin-left: -10px;
}

<div>
  <div
    className="emotion-8 emotion-9"
  >
    <div
      className="emotion-0 emotion-1"
      onClick={[Function]}
      onMouseEnter={[Function]}
      onMouseLeave={[Function]}
    >
      Tooltip Trigger
    </div>
    <div
      className="emotion-6 emotion-7"
      open={false}
    >
      <div
        className="emotion-2 emotion-3"
      >
        Tooltip Content
      </div>
      <div
        className="emotion-4 emotion-5"
      >
        <svg
          css={
            Object {
              "map": "/*# sourceMappingURL=data:application/json;charset=utf-8;base64,eyJ2ZXJzaW9uIjozLCJzb3VyY2VzIjpbInN0eWxlLnRzIl0sIm5hbWVzIjpbXSwibWFwcGluZ3MiOiJBQVE0RSIsImZpbGUiOiJzdHlsZS50cyIsInNvdXJjZXNDb250ZW50IjpbImltcG9ydCB7IGNzcyB9IGZyb20gJ0BlbW90aW9uL2NvcmUnO1xuXG5pbXBvcnQgeyBBTklNQVRJT04gfSBmcm9tICcuLi8uLi9jb25zdGFudHMnO1xuXG5pbXBvcnQgeyBJY29uUHJvcHMgfSBmcm9tICcuJztcblxudHlwZSBJY29uU3R5bGVzUHJvcHMgPSBQaWNrPEljb25Qcm9wcywgJ2Rpc3BsYXlJbmxpbmUnIHwgJ2ZpbGwnIHwgJ3JvdGF0ZSc+O1xuXG5jb25zdCBpY29uU3R5bGVzID0gKHsgZGlzcGxheUlubGluZSwgZmlsbCwgcm90YXRlIH06IEljb25TdHlsZXNQcm9wcykgPT4gY3NzYFxuICBkaXNwbGF5OiAke2Rpc3BsYXlJbmxpbmUgPyAnaW5saW5lLWJsb2NrJyA6ICdibG9jayd9O1xuICB0cmFuc2Zvcm06IHJvdGF0ZSgke3JvdGF0ZX1kZWcpO1xuICBjb2xvcjogJHtmaWxsfTtcbiAgdHJhbnNpdGlvbjogY29sb3IgJHtBTklNQVRJT04uZGVmYXVsdFRpbWluZ30sXG4gICAgdHJhbnNmb3JtICR7QU5JTUFUSU9OLmRlZmF1bHRUaW1pbmd9O1xuYDtcblxuZXhwb3J0IGRlZmF1bHQge1xuICBpY29uU3R5bGVzLFxufTtcbiJdfQ== */",
              "name": "1w700my",
              "next": undefined,
              "styles": "display:block;transform:rotate(0deg);color:#332e54;transition:color 350ms,transform 350ms;",
              "toString": [Function],
            }
          }
          height={16}
          width={16}
        />
      </div>
    </div>
  </div>
</div>
`;
