// Jest Snapshot v1, https://goo.gl/fbAQLP

exports[`<Button /> UI snapshots renders with props 1`] = `
@keyframes animation-0 {
  0% {
    opacity: 1;
    -webkit-transform: translate3d(0,0,0) scale(1,1);
    -ms-transform: translate3d(0,0,0) scale(1,1);
    transform: translate3d(0,0,0) scale(1,1);
  }

  20% {
    opacity: .95;
    -webkit-transform: translate3d(12px,0,0) scale(1,1);
    -ms-transform: translate3d(12px,0,0) scale(1,1);
    transform: translate3d(12px,0,0) scale(1,1);
  }

  35% {
    opacity: 0;
    -webkit-transform: translate3d(16px,0,0) scale(.85,.85);
    -ms-transform: translate3d(16px,0,0) scale(.85,.85);
    transform: translate3d(16px,0,0) scale(.85,.85);
  }

  100% {
    opacity: 0;
    -webkit-transform: translate3d(16px,0,0);
    -ms-transform: translate3d(16px,0,0);
    transform: translate3d(16px,0,0);
  }
}

@keyframes animation-0 {
  0% {
    opacity: 1;
    -webkit-transform: translate3d(0,0,0) scale(1,1);
    -ms-transform: translate3d(0,0,0) scale(1,1);
    transform: translate3d(0,0,0) scale(1,1);
  }

  20% {
    opacity: .95;
    -webkit-transform: translate3d(12px,0,0) scale(1,1);
    -ms-transform: translate3d(12px,0,0) scale(1,1);
    transform: translate3d(12px,0,0) scale(1,1);
  }

  35% {
    opacity: 0;
    -webkit-transform: translate3d(16px,0,0) scale(.85,.85);
    -ms-transform: translate3d(16px,0,0) scale(.85,.85);
    transform: translate3d(16px,0,0) scale(.85,.85);
  }

  100% {
    opacity: 0;
    -webkit-transform: translate3d(16px,0,0);
    -ms-transform: translate3d(16px,0,0);
    transform: translate3d(16px,0,0);
  }
}

@keyframes animation-0 {
  0% {
    opacity: 1;
    -webkit-transform: translate3d(0,0,0) scale(1,1);
    -ms-transform: translate3d(0,0,0) scale(1,1);
    transform: translate3d(0,0,0) scale(1,1);
  }

  20% {
    opacity: .95;
    -webkit-transform: translate3d(12px,0,0) scale(1,1);
    -ms-transform: translate3d(12px,0,0) scale(1,1);
    transform: translate3d(12px,0,0) scale(1,1);
  }

  35% {
    opacity: 0;
    -webkit-transform: translate3d(16px,0,0) scale(.85,.85);
    -ms-transform: translate3d(16px,0,0) scale(.85,.85);
    transform: translate3d(16px,0,0) scale(.85,.85);
  }

  100% {
    opacity: 0;
    -webkit-transform: translate3d(16px,0,0);
    -ms-transform: translate3d(16px,0,0);
    transform: translate3d(16px,0,0);
  }
}

.emotion-7 {
  color: #524D6E;
  font-size: 0.75rem;
  line-height: 1.67;
  font-weight: bold;
  -webkit-letter-spacing: 1px;
  -moz-letter-spacing: 1px;
  -ms-letter-spacing: 1px;
  letter-spacing: 1px;
  text-transform: uppercase;
  -webkit-appearance: none;
  -moz-appearance: none;
  appearance: none;
  border-radius: 4px;
  border-style: solid;
  border-width: 1px;
  cursor: pointer;
  display: block;
  margin: 0;
  min-height: 52px;
  opacity: 1;
  padding: 0 1.5rem;
  position: relative;
  -webkit-transition: all 350ms ease-in-out;
  transition: all 350ms ease-in-out;
  -webkit-text-decoration: none;
  text-decoration: none;
  background-color: #EDEDF0;
  border-color: #EDEDF0;
  color: #C3C0CD;
  cursor: not-allowed;
  fill: #C3C0CD;
  min-width: 208px;
  max-width: 325px;
  width: -webkit-max-content;
  width: -moz-max-content;
  width: max-content;
}

.emotion-7:hover {
  -webkit-transition: all 350ms ease-in-out;
  transition: all 350ms ease-in-out;
}

.emotion-7:active,
.emotion-7:focus {
  outline: none;
  box-shadow: 0px 0px 0px 2px #FFFFFF,0px 0px 0px 4px #332E54;
}

.emotion-7:visited,
.emotion-7:hover {
  opacity: 1;
  color: #C3C0CD;
}

.emotion-3 {
  -webkit-align-items: center;
  -webkit-box-align: center;
  -ms-flex-align: center;
  align-items: center;
  display: -webkit-box;
  display: -webkit-flex;
  display: -ms-flexbox;
  display: flex;
  height: 100%;
  -webkit-box-pack: center;
  -webkit-justify-content: center;
  -ms-flex-pack: center;
  justify-content: center;
  padding: 1rem 0;
  -webkit-transition: -webkit-transform 350ms;
  -webkit-transition: transform 350ms;
  transition: transform 350ms;
  width: 100%;
  -webkit-transform: translateX(0);
  -ms-transform: translateX(0);
  transform: translateX(0);
}

.emotion-3 > svg {
  opacity: 1;
  -webkit-transition: opacity 350ms;
  transition: opacity 350ms;
  margin-right: 1rem;
  margin-top: -5px;
}

.emotion-0 {
  display: block;
  -webkit-transform: rotate(0deg);
  -ms-transform: rotate(0deg);
  transform: rotate(0deg);
  -webkit-transition: color 350ms,-webkit-transform 350ms;
  -webkit-transition: color 350ms,transform 350ms;
  transition: color 350ms,transform 350ms;
}

.emotion-1 {
  line-height: 1.5;
  margin: 0;
  padding-top: 2px;
}

.emotion-5 {
  display: -webkit-box;
  display: -webkit-flex;
  display: -ms-flexbox;
  display: flex;
  -webkit-align-items: center;
  -webkit-box-align: center;
  -ms-flex-align: center;
  align-items: center;
  -webkit-box-pack: start;
  -webkit-justify-content: flex-start;
  -ms-flex-pack: start;
  justify-content: flex-start;
  position: absolute;
  bottom: 0;
  right: 0;
  top: 0;
  margin-top: -6px;
  width: 38px;
  opacity: 0;
}

.emotion-5 span {
  border-radius: 50%;
  display: inline-block;
  height: 4px;
  width: 4px;
  position: absolute;
}

.emotion-5 span:nth-of-type(1) {
  -webkit-animation: animation-0 1750ms infinite linear;
  animation: animation-0 1750ms infinite linear;
}

.emotion-5 span:nth-of-type(2) {
  -webkit-animation: animation-0 1750ms infinite linear -300ms;
  animation: animation-0 1750ms infinite linear -300ms;
}

.emotion-5 span:nth-of-type(3) {
  -webkit-animation: animation-0 1750ms infinite linear -600ms;
  animation: animation-0 1750ms infinite linear -600ms;
}

<button
  class="emotion-7 emotion-8"
  disabled=""
  type="button"
>
  <div
    class="emotion-3 emotion-4"
  >
    <svg
      class="emotion-0"
      fill="none"
      height="16"
      viewBox="0 0 16 16"
      width="16"
      xmlns="http://www.w3.org/2000/svg"
    >
      <path
        d="M10.69 2.25l1.46 1.77h2.61v9.43H1.26V4.02h2.63l.38-.46 1.06-1.3h5.36v-.01zM11.28 1H4.73L3.29 2.76H0V14.7h16V2.77h-3.27L11.28 1z"
        fill="currentColor"
      />
      <path
        d="M8.01 6.4c1.12 0 2.02.91 2.02 2.02 0 1.11-.91 2.02-2.02 2.02-1.11 0-2.02-.91-2.02-2.02 0-1.11.9-2.02 2.02-2.02zm0-1.25c-1.81 0-3.27 1.47-3.27 3.27s1.47 3.27 3.27 3.27c1.81 0 3.27-1.47 3.27-3.27S9.81 5.15 8.01 5.15z"
        fill="currentColor"
      />
    </svg>
    <span
      class="emotion-1 emotion-2"
    >
      Button Text
    </span>
  </div>
  <div
    class=" emotion-5 emotion-6"
    disabled=""
  >
    <div>
      <span />
      <span />
      <span />
    </div>
  </div>
</button>
`;
