// Jest Snapshot v1, https://goo.gl/fbAQLP

exports[`<Chip /> UI snapshots renders the correct css and text 1`] = `
.emotion-0 {
  -webkit-align-items: center;
  -webkit-box-align: center;
  -ms-flex-align: center;
  align-items: center;
  border-radius: 4px;
  display: -webkit-inline-box;
  display: -webkit-inline-flex;
  display: -ms-inline-flexbox;
  display: inline-flex;
  height: 1.5rem;
  -webkit-box-flex-flow: row nowrap;
  -webkit-flex-flow: row nowrap;
  -ms-flex-flow: row nowrap;
  flex-flow: row nowrap;
  -webkit-box-pack: center;
  -ms-flex-pack: center;
  -webkit-justify-content: center;
  justify-content: center;
  -webkit-align-items: center;
  -webkit-box-align: center;
  -ms-flex-align: center;
  align-items: center;
  padding: 0 0.5rem;
  background-color: #2B6E33;
}

.emotion-0 .emotion-3 {
  color: #FFFFFF;
}

.emotion-2 {
  color: #524D6E;
  font-size: 0.75rem;
  line-height: 1.67;
  font-weight: bold;
  -webkit-transform: translateY(1px);
  -moz-transform: translateY(1px);
  -ms-transform: translateY(1px);
  transform: translateY(1px);
}

<div
  class="emotion-0 emotion-1"
>
  <span
    class="emotion-2 emotion-3"
  >
    Success
  </span>
</div>
`;
